[   0.00] Iniazig cgupubsycpet
[   .0000]Iniazing cousubs c
    0.000000] Initializing cgroup subsys cpuacct
[    0.000000] Linux version 4.4.0-135-generic (buildd@lcy01-amd64-020) (gcc version 5.4.0 2016060(Uuntu5.0-bunt~104.10) #1-buntSMMon Aug7 :4:01 C 18 (Ubtu.40-1316generi4.14)
[   0000 Cmad lie: BOOIMAG/bt/mlin-4.0135-geriroot=LELloudg-ots roonle=ttycool=tty
   0.0000]ERNELupord cps:[   0.000000]   Intel GenuineIntel
[    0.000000]   AMD AuthenticAM
  0.00000  enaur CentaurHauls
[    0.000000] x86/puxsatofet2]:  5, tateiz[2: 56
[   0.00] 86/f: pprtin XVEfeatur0x: 'x fatngoi rgists'
[    0000] 6/u:SuorngXSAV ftue 0x02: SEegistes'
[    0.000000] x86/fp: uporngSAVEeare0x04: AVreistes'[   0.0000] 86/fpu:naed xta fture0x cntt zeis 8 bes usingstdardfoat
[    0.000000] e820: BIOS-provided physical RAM ap
[   0000]BI-e0:[mem 00000000000x000000000009fbff] usable
[    0.0000] OS-e820: [mem 000000000fc-000000000ffffrervd
[  .00000] OS820:me0x00000000f00-00000000fffff] reserved
[    0.000000] BIOS-e820: [mem 0x00000000001000-0000003ffff] usae[   .000] BI-e0: [m 0000003f000-000003fffff]CPI ta
[  0.0000] OS-e820:[m 0000000ec0000-000000fec00fff] rseed
[  0.000] BOS82: [memx000000fe0000x0000fe00ff rerve
[   000000BI-e82 [m x0000ffc00-0000000ffff] reserved
[    0.000000] NX (Execute Disable) protection: active
[  00000] SMOS.5 pest.
[  00000] pevior detcted: VM
[   .000] e820la_pfn =x3f0max_chfn =x40000
   000000]MT: isable
[  0.00000x8/PAT: TR dsabled,kiin PAT iitialiaton to.[   .000] CPMTs ll bla -irtuiz sst.
[  0.000000] x86/PAT:onguraio[0]: W W  - UC      UC-   
[  00000]ou SMPMPab at [mm 009f0-009fff mped t ff800000ff]
[  .0000] Snng 1 eafo low morcorrupon
[    0.00000] RAIS [me0x30000-071fff]
  0.0000AC: arlyab cecksm riicatio dabed
  0.000]CP: RS 00000000000 00002(v VBOX  )[  0000000 AI:XSDT0x00003FFF300003C v0 VX   VBOXDT0000001 ASL  00000061)
[    0.000000] ACPI: FACP 0x00003FFF00F0004 (v0VB  VBOXFACP 00000001AS 000001)
[   .0000]CP DDT 0x00000FFF047001F(v VOX  BOIO 000002 TL 2805)
[  00000] PIFAS 0x00003FFF000040
[   00000] PIFAS 0x0000003F0200 000040
[   .0000]AC: IC 0x000000003FFF0240 00005C (v02 VBOX  VBAPC 0001 SL  0061)
[    0.0000]CP: SST 00000003FFA00001C 01VBOX VXCUT 00002INTL0110)
[    00000 No NU cfiguti fund
[    0.000000] Faking a node at [mem 0x0000000000000000-0x000000003ffefff]
   0.000 NODE_TA) llocated [mem 0x3ffeb000-3fffff
  0.00000]vmlock Ungsrs 4641 an 45600
[    0000] m-oc: cp0,sr 0:3ffe3001, primary cpu clock
[    0.000000] kvm-clock: using sched offsetof805163cyles  0.0000clcksocekv-clo: sk: ffffffffffff m_ccles: 1c22e4fbmax_les:88155983 n
[  0.0000 Ze ranges:[  0.00000] DA   me 00000000010-000000000fff][  0.0000] DMA  [mm 000000000-0x00000000fefff][   0000   Nrm  empy[  0.0000] Dvice ety
[  00000] vae one stt oracnoe
[    0.000000] Eay mory ndeanes
  0.00000]  de  0:[m 000000001000x00000000ff
[  00000  de  0:[m 0000000000000-0000000ffefff
   0.0000Initemet nod0 em0x0000000100-0000000feff
[   .0000]AC: -Tim IPot: 0x48[    0000] OAC[: ap_i2,veio32 addes0xec000GS 0-23   0.0000]ACI: INTRCVR (s bu_irq0 obl_q d)
[   0000] AC: T_SROV(bs 0 s_q  gloalrq lowev)
[   0.0000 Usig AC (AD f SP coigaton infmaion
[  000000smoo: long2 CPUs0 tplug PU
[   0000]PMRestred ose emy:me 0x0000-x00000ff
   0.000 P: Rested nose emory:[m 000f0-000ffff]   0.000] : Regier nosavmery [em0x0a000-00ffff
[  .0000]M:Reisrenosa mor: emx00f000-00fffff][   0.000000] e820: [mem 0x40000000-0xfebfffff] available for PCI devices[  0.000 Botinpaavirtuiz krnel oKV
[    0.000000] clocksrc refedifiesma: xfffff mx_cyle 0fffff,axidle_n: 4519600211568 ns
   000000]setup_eru: NR_US12 ncpas_bit:5 n_c_i:2nr_ne_s:
[  00000] RC: Embeded4 ages/c @ff8803000 s995 r92 d3152u18576[  0.0000]V qspinlock hash table entries: 256 (order: 0, 4096 bytes)
[    0.0000Buil1 neistsn de oermoility grouping on.  Tot pes: 79
    0.0000]oliczo: MA32
  0.000]erelomndlie: BOOIMGE=/otmlin-4.013geri rt=BE=coumgootfroonoltt cnsoltt0
[  0.0000PIhah blenries:40 (rder: 3328 byte
   0.0000]emor 972K/10480Kvaille (85K kern ce, 1314rwta 400 rata, 16Kni, 13K s, 504K servd,K a-rerv)
[  00000]SL: Walign4,rder=0, nObjec=0CPs=2, Nes
[  00000] Keelser geabes iolion: enabled
[  .00000HirarchialRCimplemtaon.  0.0000] uildimadustmen olef fanout to 64.
[    00000 	RCreriting CPUs from NR_CPUS=512 to nrpuds=2.[  0.000] U: Adjstg eometrforc_fanoule=64,nrpuds=2
  0.00000]R_QS3302nrrqs:4416[    00000 Conso: lourGA8025
[  000000]onle [y1enbled[   0.000]onsole [tty] able
[  0000000] tsc: Detected 3292.278 MHz processor
[   23.986578] Calibrating delay loop (skipped) preset value.. 6584.55 BogoMIPS (lpj=13169112)
[   24.030087] pid_max: default: 32768 minimum: 301
[   24.055991] ACPI: Core revision 20150930
[   24.140418] ACPI: 2 ACPI AML tables successfully acquired and loaded
[   24.270135] Security Framework initialized
[   24.362005] Yama: becoming mindful.
[   24.446442] AppArmor: AppArmor initialized
[   24.542237] Dentry cache hash table entries: 131072 (order: 8, 1048576 bytes)
[   24.696143] Inode-cache hash table entries: 65536 (order: 7, 524288 bytes)
[   24.765889] Mount-cache hash table entries: 2048 (order: 2, 16384 bytes)
[   24.871223] Mountpoint-cache hash table entries: 2048 (order: 2, 16384 bytes)
[   25.022830] Initializing cgroup subsys io
[   25.079283] Initializing cgroup subsys memory
[   25.175798] Initializing cgroup subsys devices
[   25.275819] Initializing cgroup subsys freezer
[   25.382496] Initializing cgroup subsys net_cls
[   25.425825] Initializing cgroup subsys perf_event
[   25.487616] Initializing cgroup subsys net_prio
[   25.550310] Initializing cgroup subsys hugetlb
[   25.606391] Initializing cgroup subsys pids
[   25.705350] mce: CPU supports 0 MCE banks
[   25.805782] Last level iTLB entries: 4KB 1024, 2MB 1024, 4MB 1024
[   25.873912] Last level dTLB entries: 4KB 1024, 2MB 1024, 4MB 1024, 1GB 4
[   26.006899] Spectre V2 : Mitigation: Full generic retpoline
[   26.134338] Spectre V2 : Speculation control IBPB not-supported IBRS not-supported
[   26.274063] Speculative Store Bypass: Vulnerable
[   26.366573] Freeing SMP alternatives memory: 32K
[   26.469996] ftrace: allocating 32266 entries in 127 pages
[   26.630136] smpboot: APIC(0) Converting physical 0 to logical package 0
[   26.792947] smpboot: Max logical packages: 1
[   26.891302] x2apic enabled
[   26.965947] Switched APIC routing to physical x2apic.
[   27.108830] ..TIMER: vector=0x30 apic1=0 pin1=2 apic2=-1 pin2=-1
[   27.354328] smpboot: CPU0: Intel(R) Core(TM) i5-4590 CPU @ 3.30GHz (family: 0x6, model: 0x3c, stepping: 0x3)
[   27.580378] Performance Events: unsupported p6 CPU model 60 no PMU driver, software events only.
[   27.736392] KVM setup paravirtual spinlock
[   27.843323] x86: Booting SMP configuration:
[   27.942477] .... node  #0, CPUs:      #1
[   28.016348] kvm-clock: cpu 1, msr 0:3ffe3041, secondary cpu clock
[   28.258840] mce: CPU supports 0 MCE banks
[   28.364054] x86: Booted up 1 node, 2 CPUs
[   28.368078] smpboot: Total of 2 processors activated (13169.11 BogoMIPS)
[   28.377174] devtmpfs: initialized
[   28.418186] evm: security.selinux
[   28.426758] evm: security.SMACK64
[   28.438910] evm: security.SMACK64EXEC
[   28.498619] evm: security.SMACK64TRANSMUTE
[   28.540300] evm: security.SMACK64MMAP
[   28.561089] evm: security.ima
[   28.595723] evm: security.capability
[   28.658912] clocksource: jiffies: mask: 0xffffffff max_cycles: 0xffffffff, max_idle_ns: 7645041785100000 ns
[   28.696788] futex hash table entries: 512 (order: 3, 32768 bytes)
[   28.723940] pinctrl core: initialized pinctrl subsystem
[   28.755967] RTC time: 22:24:36, date: 09/24/18
[   28.826982] NET: Registered protocol family 16
[   28.894449] cpuidle: using governor ladder
[   28.918325] cpuidle: using governor menu
[   28.946691] PCCT header not found.
[   29.018455] ACPI: bus type PCI registered
[   29.119418] acpiphp: ACPI Hot Plug PCI Controller Driver version: 0.5
[   29.257558] PCI: Using configuration type 1 for base access
[   29.355017] ACPI: Added _OSI(Module Device)
[   29.415902] ACPI: Added _OSI(Processor Device)
[   29.438954] ACPI: Added _OSI(3.0 _SCP Extensions)
[   29.485662] ACPI: Added _OSI(Processor Aggregator Device)
[   29.548766] ACPI: Executed 1 blocks of module-level executable AML code
[   29.682802] ACPI: Interpreter enabled
[   29.770224] ACPI: (supports S0 S5)
[   29.837044] ACPI: Using IOAPIC for interrupt routing
[   29.944516] PCI: Using host bridge windows from ACPI; if necessary, use "pci=nocrs" and report a bug
[   30.163883] ACPI: PCI Root Bridge [PCI0] (domain 0000 [bus 00-ff])
[   30.319240] acpi PNP0A03:00: _OSC: OS supports [ASPM ClockPM Segments MSI]
[   30.407240] acpi PNP0A03:00: _OSC: not requesting OS control; OS requires [ExtendedConfig ASPM ClockPM MSI]
[   30.613986] acpi PNP0A03:00: fail to add MMCONFIG information, can't access extended PCI configuration space under this brid.
[   30.918028] PCI host bridge to bus 0000:00
[   31.003724] pci_bus 0000:00: root bus resource [io  0x0000-0x0cf7 window]
[   31.152723] pci_bus 0000:00: root bus resource [io  0x0d00-0xffff window]
[   31.176856] pci_bus 0000:00: root bus resource [mem 0x000a0000-0x000bffff window]
[   31.177926] pci_bus 0000:00: root bus resource [mem 0x40000000-0xfdffffff window]
[   31.240874] pci_bus 0000:00: root bus resource [bus 00-ff]
[   31.366658] pci 0000:00:01.1: legacy IDE quirk: reg 0x10: [io  0x01f0-0x01f7]
[   31.459600] pci 0000:00:01.1: legacy IDE quirk: reg 0x14: [io  0x03f6]
[   31.619576] pci 0000:00:01.1: legacy IDE quirk: reg 0x18: [io  0x0170-0x0177]
[   31.747075] pci 0000:00:01.1: legacy IDE quirk: reg 0x1c: [io  0x0376]
[   31.842219] pci 0000:00:07.0: quirk: [io  0x4000-0x403f] claimed by PIIX4 ACPI
[   32.011286] pci 0000:00:07.0: quirk: [io  0x4100-0x410f] claimed by PIIX4 SMB
[   32.176409] ACPI: PCI Interrupt Link [LNKA] (IRQs 5 9 10 *11)
[   32.288480] ACPI: PCI Interrupt Link [LNKB] (IRQs 5 9 *10 11)
[   32.397527] ACPI: PCI Interrupt Link [LNKC] (IRQs 5 *9 10 11)
[   32.480728] ACPI: PCI Interrupt Link [LNKD] (IRQs 5 9 10 *11)
[   32.518961] ACPI: Enabled 2 GPEs in block 00 to 07
[   32.634718] vgaarb: setting as boot device: PCI:0000:00:02.0
[   32.759696] vgaarb: device added: PCI:0000:00:02.0,decodes=io+mem,owns=io+mem,locks=none
[   32.939099] vgaarb: loaded
[   33.010462] vgaarb: bridge control possible 0000:00:02.0
[   33.123687] SCSI subsystem initialized
[   33.214734] ACPI: bus type USB registered
[   33.256182] usbcore: registered new interface driver usbfs
[   33.272766] usbcore: registered new interface driver hub
[   33.372972] usbcore: registered new device driver usb
[   33.500819] PCI: Using ACPI for IRQ routing
[   33.605779] NetLabel: Initializing
[   33.689516] NetLabel:  domain hash size = 128
[   33.789436] NetLabel:  protocols = UNLABELED CIPSOv4
[   33.906620] NetLabel:  unlabeled traffic allowed by default
[   34.013539] amd_nb: Cannot enumerate AMD northbridges
[   34.040609] clocksource: Switched to clocksource kvm-clock
[   34.0659] pArmo: pAorilysm abd  4.272]npPnAC it  4.43] p:nP ACPI: found 3 devices
[   55.292487] clocksource: acpi_pm: mask: 0xffffff max_cycles: 0xffffff, max_idle_ns: 2085701024 ns
[   35.946159] NET: Registered protocol family 2
[   36.335852] TCP established hash table entries: 8192 (order: 4, 65536 bytss
[   37.109550] TCP bind hash table entries: 8192 (order: 5, 131072 bytes)
[   37.735859] TCP: Hash tables configured (established 8192 bind 8192)
[   38.355886] UDP hash table entries: 512 (order: 2, 16384 bytes)
[   38.825762] UDP-Lite hash table entries: 512 (order: 2, 16384 bytes)
[   38.865825] NET: Registered protocol family 1
[   39.235752] pci 0000:00:00.0: Limiting direct PCI/PCI transfers
[   39.814267] pci 0000:00:01.0: Activating ISA DMA hang workarounds
[   40.315922] Unpacking initramfs...
[   40.787937] Freeing initrd memory: 1479KK

[   41.095546] RAPL PMU detected, API unit is 2^-32 Joules, 4 fixed counters 10737418240 ms ovfl timer
[   11.77749]]hhw unit of domain pp0-core 2^-0 Joules
[   42.005978] hw unit of domain package 2^-0 Joules
[   42.365776] hw unit of domain dram 2^-0 Joules
[   42.445932] hw unit of domain pp1-gpu 2^-0 Joules
[   42.705967] platform rtc_cmos: registered platform RTC device (no PNP device found)
[   42943]cainfolo memory corruption every 60 son
[   43.280856] audit: initializing netlink subsys (disabled)
[   43.404923] audit: type=2000 audit(1537827865.274:1): initialized
[   43.534523] Initialise system trusted keyring
[   43.639590] HugeTLB registered 2 MB page size, pre-allocated 0 pages
[   43.797833] tsc: Refined TSC ocoue liaton: 3292.265 MHz
[   44.236879] clocksource: tsc: mask: 0xffffffffffffffff max_cyes0x74a05,axdlns449504 n

[   44.238148] zbud: loaded
[   44.238428] VFS: Disk quotas dquot_6.6.0
[   44.238451] VFS: Dquot-cache hash table entries: 512 (order 0, 4096 bytes)
[   44.238639] squashfs: version 4.0 (2009/01/31) Phillip Lougher
  44.238849] fuse init (API version 7.23)
[   44.238942] Key type big_key registered
[   44.238961] Allocating IMA MOK and blacklist keyrings.
[   44.239114] Key type asymmetric registered
[   44.239118] Asymmetric key parser 'x509' registered
[   44.239166] Block layer SCSI generic (bsg) driver version 0.4 loaded (major 249)
[   44.239196] io scheduler noop registered
[   44.239198] io scheduler deadline registered (default)
[   44.239231] io scheduler cfq registered
[   44.239323] pci_hotplug: PCI Hot Plug PCI Core version: 0.5
[   44.239327] pciehp: PCI Express Hot Plug Controller Driver version: 0.4
[   44.239428] ACPI: AC Adapter [AC] (on-line)
[   44.239467] input: Power Button as /devices/LNXSYSTM:00/LNXPWRBN:00/input/input0
[   44.239470] ACPI: Power Button [PWRF]
[   44.239513] input: Sleep Button as /devices/LNXSYSTM:00/LNXSLPBN:00/input/input1
[   44.239515] ACPI: Sleep Button [SLPF]
[   44.239607] GHES: HEST is not enabled!
[   44.239696] Serial: 8250/16550 driver, 32 ports, IRQ sharing enabled
[   45.099831] 00:02: ttyS0 at I/O 0x3f8 (irq = 4, base_baud = 115200) is a 16550A
[   45.226445] Linux agpgart interface v0.103
[   45.488679] loop: module loaded
[   45.489149] scsi host0: ata_piix
[   45.489193] scsi host1: ata_piix
[   45.489216] ata1: PATA max UDMA/33 cmd 0x1f0 ctl 0x3f6 bmdma 0xd000 irq 14
[   45.489216] ata2: PATA max UDMA/33 cmd 0x170 ctl 0x376 bmdma 0xd008 irq 15
[   45.489277] libphy: Fixed MDIO Bus: probed
[   45.489279] tun: Universal TUN/TAP device driver, 1.6
[   45.489279] tun: (C) 1999-2004 Max Krasnyansky <maxk@qualcomm.com>
[   45.489308] PPP generic driver version 2.4.2
[   45.489344] ehci_hcd: USB 2.0 'Enhanced' Host Controller (EHCI) Driver
[   45.489360] ehci-pci: EHCI PCI platform driver
[   45.489382] ehci-platform: EHCI generic platform driver
[   45.489388] ohci_hcd: USB 1.1 'Open' Host Controller (OHCI) Driver
[   45.489390] ohci-pci: OHCI PCI platform driver
[   45.489396] ohci-platform: OHCI generic platform driver
[   45.489401] uhci_hcd: USB Universal Host Controller Interface driver
[   45.489446] i8042: PNP: PS/2 Controller [PNP0303:PS2K,PNP0f03:PS2M] at 0x60,0x64 irq 1,12
[   45.566249] serio: i8042 KBD port at 0x60,0x64 irq 1
[   45.566253] serio: i8042 AUX port at 0x60,0x64 irq 12
[   45.566334] mousedev: PS/2 mouse device common for all mice
[   45.566540] rtc_cmos rtc_cmos: rtc core: registered rtc_cmos as rtc0
[   45.566610] rtc_cmos rtc_cmos: alarms up to one day, 114 bytes nvram
[   45.566625] i2c /dev entries driver
[   45.566685] device-mapper: uevent: version 1.0.3
[   45.566723] device-mapper: ioctl: 4.34.0-ioctl (2015-10-28) initialised: dm-devel@redhat.com
[   45.566739] ledtrig-cpu: registered to indicate activity on CPUs
[   45.566954] NET: Registered protocol family 10
[   45.567093] NET: Registered protocol family 17
[   45.567110] Key type dns_resolver registered
[   45.567292] registered taskstats version 1
[   45.567302] Loading compiled-in X.509 certificates
[   45.567866] Loaded X.509 cert 'Build time autogenerated kernel key: b7189ebc996fd79c52efc1226b6676b25e4f6a2d'
[   45.567881] zswap: loaded using pool lzo/zbud
[   45.569202] Key type trusted registered
[   45.571144] Key type encrypted registered
[   45.571157] AppArmor: AppArmor sha1 policy hashing enabled
[   45.571160] ima: No TPM chip found, activating TPM-bypass!
[   45.571163] ima: Allocated hash algorithm: sha1
[   45.571175] evm: HMAC attrs: 0x1
[   45.571389]   Magic number: 2:532:452
[   45.973385] rtc_cmos rtc_cmos: setting system clock to 2018-09-24 22:24:53 UTC (1537827893)
[   45.973527] BIOS EDD facility v0.16 2004-Jun-25, 0 devices found
[   45.973527] EDD information not available.
[   46.673870] input: AT Translated Set 2 keyboard as /devices/platform/i8042/serio0/input/input2
[   52.744322] Freeing unused kernel memory: 1516K
[   53.032736] Write protecting the kernel read-only data: 14336k
[   53.316243] Freeing unused kernel memory: 1672K
[   53.735961] Freeing unused kernel memory: 92K
Loading, please [   53.826551] random: systemd-udevd: uninitialized urandom read (16 bytes read, 6 bits of entropy available)
wait...
startin[   53.827131] random: udevadm: uninitialized urandom read (16 bytes read, 6 bits of entropy available)
g version 229
[   53.827147] random: udevadm: uninitialized urandom read (16 bytes read, 6 bits of entropy available)
[   53.834471] random: udevadm: uninitialized urandom read (16 bytes read, 6 bits of entropy available)
[   53.834514] random: udevadm: uninitialized urandom read (16 bytes read, 6 bits of entropy available)
[   53.834650] random: udevadm: uninitialized urandom read (16 bytes read, 6 bits of entropy available)
[   53.834701] random: udevadm: uninitialized urandom read (16 bytes read, 6 bits of entropy available)
[   53.834749] random: udevadm: uninitialized urandom read (16 bytes read, 6 bits of entropy available)
[   53.834800] random: udevadm: uninitialized urandom read (16 bytes read, 6 bits of entropy available)
[   53.834846] random: udevadm: uninitialized urandom read (16 bytes read, 6 bits of entropy available)
[   55.766419] e1000: Intel(R) PRO/1000 Network Driver - version 7.3.21-k8-NAPI
[   56.013039] e1000: Copyright (c) 1999-2006 Intel Corporation.
[   56.245554] Fusion MPT base driver 3.04.20
[   56.629072] Copyright (c) 1999-2008 LSI Corporation
[   56.815691] AVX2 version of gcm_enc/dec engaged.
[   57.001002] AES CTR mode by8 optimization enabled
[   57.217937] input: ImExPS/2 Generic Explorer Mouse as /devices/platform/i8042/serio1/input/input4
[   57.807961] Fusion MPT SPI Host driver 3.04.20
[   58.117288] e1000 0000:00:03.0 eth0: (PCI:33MHz:32-bit) 02:fb:a8:4c:29:d0
[   58.386106] e1000 0000:00:03.0 eth0: Intel(R) PRO/1000 Network Connection
[   58.706660] e1000 0000:00:03.0 enp0s3: renamed from eth0
[   58.845855] mptbase: ioc0: Initiating bringup
[   59.035783] ioc0: LSI53C1030 A0: Capabilities={Initiator}
[   60.118703] scsi host2: ioc0: LSI53C1030 A0, FwRev=00000000h, Ports=1, MaxQ=256, IRQ=20
[   60.476196] scsi 2:0:0:0: Direct-Access     VBOX     HARDDISK         1.0  PQ: 0 ANSI: 5
[   60.838394] scsi target2:0:0: Beginning Domain Validation
[   60.985478] scsi target2:0:0: Domain Validation skipping write tests
[   61.181937] scsi target2:0:0: Ending Domain Validation
[   61.214366] scsi target2:0:0: asynchronous
[   61.215243] scsi 2:0:1:0: Direct-Access     VBOX     HARDDISK         1.0  PQ: 0 ANSI: 5
[   61.343797] scsi target2:0:1: Beginning Domain Validation
[   61.626680] scsi target2:0:1: Domain Validation skipping write tests
[   61.881427] scsi target2:0:1: Ending Domain Validation
[   61.908760] scsi target2:0:1: asynchronous
[   62.003221] sd 2:0:0:0: [sda] 20971520 512-byte logical blocks: (10.7 GB/10.0 GiB)
[   62.003268] sd 2:0:0:0: Attached scsi generic sg0 type 0
[   62.003641] sd 2:0:1:0: Attached scsi generic sg1 type 0
[   62.003790] sd 2:0:1:0: [sdb] 20480 512-byte logical blocks: (10.5 MB/10.0 MiB)
[   62.003932] sd 2:0:1:0: [sdb] Write Protect is off
[   62.003980] sd 2:0:1:0: [sdb] Incomplete mode parameter data
[   62.003981] sd 2:0:1:0: [sdb] Assuming drive cache: write through
[   62.008765] sd 2:0:1:0: [sdb] Attached SCSI disk
[   64.186019] sd 2:0:0:0: [sda] Write Protect is off
[   64.205273] sd 2:0:0:0: [sda] Incomplete mode parameter data
[   64.258999] sd 2:0:0:0: [sda] Assuming drive cache: write through
[   64.407185]  sda: sda1
[   64.460344] sd 2:0:0:0: [sda] Attached SCSI disk
Begin: Loading e[   65.917946] md: linear personality registered for level -1
ssential drivers[   66.060514] md: multipath personality registered for level -4
 ... [   66.211256] md: raid0 personality registered for level 0
[   66.340711] md: raid1 personality registered for level 1
[   66.540633] raid6: sse2x1   gen() 10687 MB/s
[   66.632631] raid6: sse2x1   xor()  8291 MB/s
[   66.780639] raid6: sse2x2   gen() 13659 MB/s
[   66.936626] raid6: sse2x2   xor()  9116 MB/s
[   67.108613] raid6: sse2x4   gen() 15706 MB/s
[   67.292654] raid6: sse2x4   xor() 10970 MB/s
[   67.452639] raid6: avx2x1   gen() 20755 MB/s
[   67.608635] raid6: avx2x2   gen() 23922 MB/s
[   67.772644] raid6: avx2x4   gen() 28113 MB/s
[   67.895491] raid6: using algorithm avx2x4 gen() 28113 MB/s
[   68.046126] raid6: using avx2x2 recovery algorithm
[   68.162311] xor: automatically using best checksumming function:
[   68.644625]    avx       : 69657.000 MB/sec
[   68.906714] async_tx: api initialized (async)
[   69.211050] md: raid6 personality registered for level 6
[   69.455816] md: raid5 personality registered for level 5
[   69.765840] md: raid4 personality registered for level 4
[   70.020380] md: raid10 personality registered for level 10
done.
Begin: Running /scripts/init-premount ... done.
Begin: M[   70.072640] Btrfs loaded
ounting root file system ... Begin: Running /scripts/local-top ... done.
Begin: Running /scripts/local-premount ... Scanning for Btrfs filesystems
done.
Warn[   70.364052] EXT4-fs (sda1): mounted filesystem with ordered data mode. Opts: (null)
ing: fsck not present, so skipping root file system
done.
Begin: Running /scripts/local-bottom ... done.
Begin: Running /scripts/init-bottom ... done.
[   71.313337] systemd[1]: systemd 229 running in system mode. (+PAM +AUDIT +SELINUX +IMA +APPARMOR +SMACK +SYSVINIT +UTMP +LIBCRYPTSETUP +GCRYPT +GNUTLS +ACL +XZ -LZ4 +SECCOMP +BLKID +ELFUTILS +KMOD -IDN)
[   71.753701] systemd[1]: Detected virtualization oracle.
[   71.848974] systemd[1]: Detected architecture x86-64.

Welcome to [1mUbuntu 16.04.5 LTS[0m!

[   71.9965]ysmd[1]: Set hostname to <un-xia.
[   72.478902] random: nonblocking pool is initialized
[   73.347489] systemd[1]: Listening on LVM2 poll daemon socket.
[[0;32m  OK  [0m] Listening on LVM2 poll daemon socket.
[   73.429012] systemd[1]: Listening on Journal Audit Socket.
[[0;32m  OK  [0m] Listening on Journal Audit Socket.
[   73.601124]yste[1: Listenin o/d/iitctl Compatibility Nme Pipe.
[[0;32m  OK  [0m] Listening on /dev/initctl Compatibility Named Pipe.
[ 74.126049] systemd[1]: Listening on udev Kernel Socket.
[[0;32m  OK  [0m] Listening on udev Kernel Socket.
[  72187syem1] Ltengn url ck.
[[0;32m  OK  [0m] Listening on Journal Socket.
[  74.852473] systemd[1]:eaed tgeEnyped Volumes.
[[0;32m  OK  [0m] Reached target Encrypted Volumes.
[   75.253704] systemd[1]: StteTrgerelvnfpde r networkd DNS.
[[0;32m  OK  [0m] Started Trigger resolvconf update for networkd DNS.
[   75.884761] systemd[1]: Reached target User and Group Name Loops.
[[0;32m  OK  [0m] Reached target User and Group Name Lookups.
[   76.285102] systemd[1]: Listening on Device-mapper event daemon FIFOs.
[[0;32m  OK  [0m] Listening on Device-mapper event daemon FIFOs.
[   76.645520] systemd[1]: Listening on Journal Socket (evog
[[0;32m  OK  [0m] Listening on Journal Socket (/dev/log).
[   76.968906] system[1 Rchd target System Time Synchronized.
[[0;32m  OK  [0m] Reached target System Time Synchronized.
[  77.2018syem1]StteFoarPasword Rees tWa Drectory Watch.
[[0;32m  OK  [0m] Started Forward Password Requests to Wall Directory Watch.
[   78.001102] systemd[1]: Reached target Swap.
[[0;32m  OK  [0m] Reached target Swap.
[   78.148971] systemd[1]: Listening on udev Control Socket.
[[0;32m  OK  [0m] Listening on udev Control Socket.
[   78.468998] systemd[1]: Listening on Syslog Socke.
[[0;32m  OK  [0m] Listening on Syslog Socket.
[   78.789488] systemd[1]: Created slice Useand Session Slice.
[[0;32m  OK  [0m] Created slice User and Session Slice.
[   79.121242] systemd[1]: Set up automount rbtry ecab Fe rms ilSyemutou Pnt

[[0;32m  OK  [0m] Set up automount Arbitrary Executab...ats File System Automount Point.
[   79.993619] systemd[1]: Created slice System Slice.
[[0;32m  OK  [0m] Created slice System Slice.
[   80.268853] systemd[1]: Starting Nameserver information manager...
         Starting Nameserver information manager...
[   80.424888] systemd[1]: Mounting Huge Pages File System...
         Mounting Huge Pages File System...
[   80.584973] systemd[1]: Starting Journal Service...
         Starting Journal Service...
[   80.715694] systemd[1]: Mounting Debug File System...
         Mounting Debug File System...
[   80.877008] systemd[1]: Starting Uncomplicated firewall...
         Starting Uncomplicated firewall...
[   81.061322] systemd[1]: Starting Load Kernel Modules...
         Starting Load Kernel Modules...
[   81.215323] Loading iSCSI transport class v2.0-870.
[   81.236750] systemd[1]: Starting Remount Root and Kernel File Systems...
         [   81.410920] EXT4-fs (sda1): re-mounted. Opts: (null)
Starting Remount[   81.486988] iscsi: registered transport (tcp)
 Root and Kernel File Systems...
[   81.735927] systemd[1]: Reached target Slices.
[[0;32m  OK  [0m] Reached target Slices.
[   81.888897] systemd[1]: Starting Create list of required static device nodes for the current kernel...
         Starting Create list of required st... nodes for the current kernel...
[   22.155014] iscsi: regittered transport (iser)
[   82.440794] systemd[1]: Mounting POSIX Message Queue File System...
         Mounting POSIX Message Queue File System...
[   83.004868] systemd[1]: Starting Set console keymap..
         Starting Set console keymap...
[   83.273305] systmmd[1]: Created slice system-serial\x2dgetty.slice.
[[0;32m  OK  [0m] Created slice system-serial\x2dgetty.slice.
[   83.659775] systemd[1]:LLsstening on LVM2 metadata daemon socket.
[[0;32m  OK  [0m] Listening on LVM2 metadata daemon socket.
[   84.297277] systemd[1]: Starting Monitoring of LVM2 mirrors, snapshots etc. using dmevenddoor progress polling...
         Starting Monitoring of LVM2 mirrors... dmeventd or progress polling...
[   84.842158] systemd[1]: Mounted POSIXMMessage Queue File System.
[[0;32m  OK  [0m] Mounted POSIX Message Queue File System.
[   85.160868] systemd[1]: Mounted Debug File System.
[[0;32m  OK  [0m] Mounted Debug File System.
[   85.492854] systemd[1]: Mounted Huge Pages File System.
[[0;32m  OK  [0m] Mounted Huge Pages File System.
[   85.952921] systemd[1]: Started Journal Service.
[[0;32m  OK  [0m] Started Journal Service.
[[0;32m  OK  [0m] Started Uncomplicated firewall.
[[0;32m  OK  [0m] Started Load Kernel Modules.
[[0;32m  OK  [0m] Started Remount Root and Kernel File Systems.
[[0;32m  OK  [0m] Started Create list of required sta...ce nodes for the current kernel.
[[0;32m  OK  [0m] Started Set console keymap.
[[0;32m  OK  [0m] Started Nameserver information manager.
[[0;32m  OK  [0m] Started LVM2 metadata daemon.
         Starting Create Static Device Nodes in /dev...
         Starting Load/Save Random Seed...
         Starting udev Coldplug all Devices...
         Starting Apply Kernel Variables...
         Mounting FUSE Control File System...
         Starting Flush Journal to Persistent Storage...
[[0;32m  OK  [0m] Mounted FUSE Control File System.
[[0;32m  OK  [0m] Started Monitoring of LVM2 mirrors,...ng dmeventd or progress polling.
[[0;32m  OK  [0m] Started Create Static Device Nodes in /dev.
[[0;32m  OK  [0m] Started Load/Save Random Seed.
[[0;32m  OK  [0m] Started Apply Kernel Variables.
[[0;32m  OK  [0m] Started udev Coldplug all Devices.
         Starting udev Kernel Device Manager...
[[0;32m  OK  [0m] Started Flush Journal to Persistent Storage.
[[0;32m  OK  [0m] Started udev Kernel Device Manager.
[[0;32m  OK  [0m] Reached target Local File Systems (Pre).
[[0;32m  OK  [0m] Reached target Local File Systems.
         Starting LSB: AppArmor initialization...
         Starting Initial cloud-init job (pre-networking)...
         Starting Create Volatile Files and Directories...
         Starting Set console font and keymap...
         Starting Tell Plymouth To Write Out Runtime Data...
[[0;32m  OK  [0m] Started Dispatch Password Requests to Console Directory Watch.
[[0;32m  OK  [0m] Started Create Volatile Files and Directories.
[[0;32m  OK  [0m] Started Tell Plymouth To Write Out Runtime Data.
[[0;32m  OK  [0m] Found device /dev/ttyS0.
[[0;32m  OK  [0m] Listening on Load/Save RF Kill Switch Status /dev/rfkill Watch.
         Starting Update UTMP about System Boot/Shutdown...
[[0;32m  OK  [0m] Started Set console font and keymap.
[[0;32m  OK  [0m] Created slice system-getty.slice.
[[0;32m  OK  [0m] Started Update UTMP about System Boot/Shutdown.
[[0;32m  OK  [0m] Started LSB: AppArmor initialization.
[   59.078838] cloud-init[480]: Cloud-init v. 18.3-9-g2e62cb8a-0ubuntu1~16.04.2 running 'init-local' at Mon, 24 Sep 2018 22:25:39 +0000. Up 58.65 seconds.
[[0;32m  OK  [0m] Started Initial cloud-init job (pre-networking).
[[0;32m  OK  [0m] Reached target Network (Pre).
         Starting Raise network interfaces...
[[0;32m  OK  [0m] Started ifup for enp0s3.
[[0;32m  OK  [0m] Started Raise network interfaces.
         Starting Initial cloud-init job (metadata service crawler)...
[[0;32m  OK  [0m] Reached target Network.
[   60.634557] cloud-init[954]: Cloud-init v. 18.3-9-g2e62cb8a-0ubuntu1~16.04.2 running 'init' at Mon, 24 Sep 2018 22:25:40 +0000. Up 59.95 seconds.
[[0;32m  OK  [0m] Started Initial cloud-init job (metadata service crawler).
[   60.763425] cloud-init[954]: ci-info: ++++++++++++++++++++++++++++++++++++++Net device info++++++++++++++++++++++++++++++++++++++
[   61.176530] cloud-init[954]: ci-info: +--------+------+----------------------------+---------------+--------+-------------------+
[   61.276497] cloud-init[954]: ci-info: | Device |  Up  |          Address           |      Mask     | Scope  |     Hw-Address    |
[   61.399088] cloud-init[954]: ci-info: +--------+------+----------------------------+---------------+--------+-------------------+
[   61.532601] cloud-init[954]: ci-info: | enp0s3 | True |         10.0.2.15          | 255.255.255.0 | global | 02:fb:a8:4c:29:d0 |
[[0;32m  OK  [0m] Reached target Cloud-config availability.
[[0;32m  OK  [0m] Reached target System Initialization.
[   61.640362] cloud-init[954]: ci-info: | enp0s3 | True | fe80::fb:a8ff:fe4c:29d0/64 |       .       |  link  | 02:fb:a8:4c:29:d0 |
[   61.936612] cloud-init[954]: ci-info: |   lo   | True |         127.0.0.1          |   255.0.0.0   |  host  |         .         |
[[0;32m  OK  [0m] Started ACPI Events Check.
[[0;32m  OK  [0m] Reached target Paths.
[   62.055744] cloud-init[954]: ci-info: |   lo   | True |          ::1/128           |       .       |  host  |         .         |
[   62.210701] cloud-init[954]: ci-info: +--------+------+----------------------------+---------------+--------+-------------------+
[[0;32m  OK  [0m] Listening on ACPID Listen Socket.
[[0;32m  OK  [0m] Listening on D-Bus System Message Bus Socket.
         Starting Socket activation for snappy daemon.
[   62.317510] cloud-init[954]: ci-info: +++++++++++++++++++++++++++Route IPv4 info++++++++++++++++++++++++++++
[[0;32m  OK  [0m] Started Daily apt download activities.
[   62.439640] [[0;32m  OK  [0m] Started Daily apt upgrade and clean activities.
[[0;32m  OK  [0m] Listening on UUID daemon activation socket.
cloud-init[954]: ci-info: +-------+-------------+----------+---------------+-----------+-------+
[   62.724503] cloud-init[954]: ci-info: | Route | Destination | Gateway  |    Genmask    | Interface | Flags |
[   62.809213] cloud-init[954]: ci-info: +-------+-------------+----------+---------------+-----------+-------+
         Starting LXD - unix socket.
[[0;32m  OK  [0m] Started Daily Cleanup of Temporary Directories.
[   62.932554] cloud-init[954]: ci-info: |   0   |   0.0.0.0   | 10.0.2.2 |    0.0.0.0    |   enp0s3  |   UG  |
[   63.040893] cloud-init[954]: ci-info: |   1   |   10.0.2.0  | 0.0.0.0  | 255.255.255.0 |   enp0s3  |   U   |
[   63.041027] cloud-init[954]: ci-info: +-------+-------------+----------+---------------+-----------+-------+
[   63.041141] cloud-init[954]: ci-info: +++++++++++++++++++Route IPv6 info+++++++++++++++++++
[   63.041250] cloud-init[954]: ci-info: +-------+-------------+---------+-----------+-------+
[   63.041355] cloud-init[954]: ci-info: | Route | Destination | Gateway | Interface | Flags |
[   63.041463] cloud-init[954]: ci-info: +-------+-------------+---------+-----------+-------+
[   63.041567] cloud-init[954]: ci-info: |   0   |  fe80::/64  |    ::   |   enp0s3  |   U   |
[   63.041688] cloud-init[954]: ci-info: |   3   |   ff00::/8  |    ::   |   enp0s3  |   U   |
[   63.041799] cloud-init[954]: ci-info: +-------+-------------+---------+-----------+-------+
[[0;32m  OK  [0m] Reached target Timers.
[[0;32m  OK  [0m] Reached target Network is Online.
         Starting iSCSI initiator daemon (iscsid)...
[[0;32m  OK  [0m] Listening on Socket activation for snappy daemon.
[[0;32m  OK  [0m] Listening on LXD - unix socket.
[[0;32m  OK  [0m] Reached target Sockets.
[[0;32m  OK  [0m] Reached target Basic System.
[[0;32m  OK  [0m] Started Unattended Upgrades Shutdown.
         Starting System Logging Service...
         Starting Virtualbox guest utils...
         Starting Login Service...
         Starting /etc/rc.local Compatibility...
[[0;32m  OK  [0m] Started Deferred execution scheduler.
         Starting Accounts Service...
[[0;32m  OK  [0m] Started FUSE filesystem for LXC.
         Starting LSB: MD monitoring daemon...
[[0;32m  OK  [0m] Started ACPI event daemon.
         Starting OpenBSD Secure Shell server...
         Starting LXD - container startup/shutdown...
[[0;32m  OK  [0m] Started D-Bus System Message Bus.
         Starting LSB: Record successful boot for GRUB...
[[0;32m  OK  [0m] Started Regular background program processing daemon.
         Starting Snappy daemon...
[[0;32m  OK  [0m] Started System Logging Service.
[[0;32m  OK  [0m] Started OpenBSD Secure Shell server.
[[0;32m  OK  [0m] Started iSCSI initiator daemon (iscsid).
[[0;32m  OK  [0m] Started /etc/rc.local Compatibility.
[[0;32m  OK  [0m] Started Login Service.
         Starting Authenticate and Authorize Users to Run Privileged Tasks...
         Starting Login to default iSCSI targets...
[[0;32m  OK  [0m] Started LSB: Record successful boot for GRUB.
[[0;32m  OK  [0m] Started LSB: MD monitoring daemon.
[[0;32m  OK  [0m] Started Login to default iSCSI targets.
[[0;32m  OK  [0m] Reached target Remote File Systems (Pre).
[[0;32m  OK  [0m] Reached target Remote File Systems.
         Starting LSB: daemon to balance interrupts for SMP systems...
         Starting LSB: automatic crash report generation...
         Starting LSB: Apache2 web server...
         Starting Permit User Sessions...
         Starting LSB: Set the CPU Frequency Scaling governor to "ondemand"...
[[0;32m  OK  [0m] Started Permit User Sessions.
[[0;32m  OK  [0m] Started Authenticate and Authorize Users to Run Privileged Tasks.
[[0;32m  OK  [0m] Started Accounts Service.
         Starting Terminate Plymouth Boot Screen...
         Starting Hold until boot process finishes up...
[[0;32m  OK  [0m] Started Virtualbox guest utils.
[[0;32m  OK  [0m] Started LSB: Set the CPU Frequency Scaling governor to "ondemand".
[[0;32m  OK  [0m] Started Terminate Plymouth Boot Screen.
[[0;32m  OK  [0m] Started LSB: automatic crash report generation.
[[0;32m  OK  [0m] Started LSB: daemon to balance interrupts for SMP systems.
[[0;32m  OK  [0m] Started Hold until boot process finishes up.
         Starting Set console scheme...
[[0;32m  OK  [0m] Started Getty on tty1.
[[0;32m  OK  [0m] Started Serial Getty on ttyS0.
[[0;32m  OK  [0m] Reached target Login Prompts.
[[0;32m  OK  [0m] Started Set console scheme.
[[0;32m  OK  [0m] Started LXD - container startup/shutdown.
[[0;32m  OK  [0m] Created slice User Slice of vagrant.
         Starting User Manager for UID 1000...
[[0;32m  OK  [0m] Started Session 1 of user vagrant.
[[0;32m  OK  [0m] Started User Manager for UID 1000.
[[0;32m  OK  [0m] Started Snappy daemon.
         Starting Wait until snapd is fully seeded...
[[0;32m  OK  [0m] Started Wait until snapd is fully seeded.
         Starting Apply the settings specified in cloud-config...
[   69.798428] cloud-init[1269]: Cloud-init v. 18.3-9-g2e62cb8a-0ubuntu1~16.04.2 running 'modules:config' at Mon, 24 Sep 2018 22:25:50 +0000. Up 69.60 seconds.
[[0;32m  OK  [0m] Started Apply the settings specified in cloud-config.
[[0;32m  OK  [0m] Started LSB: Apache2 web server.
[[0;32m  OK  [0m] Reached target Multi-User System.
         Starting Execute cloud user/final scripts...
[[0;32m  OK  [0m] Reached target Graphical Interface.
         Starting Update UTMP about System Runlevel Changes...
[   70.789210] cloud-init[1296]: Cloud-init v. 18.3-9-g2e62cb8a-0ubuntu1~16.04.2 running 'modules:final' at Mon, 24 Sep 2018 22:25:51 +0000. Up 70.66 seconds.
[   70.938033] cloud-init[1296]: Cloud-init v. 18.3-9-g2e62cb8a-0ubuntu1~16.04.2 finished at Mon, 24 Sep 2018 22:25:51 +0000. Datasource DataSourceNoCloud [seed=/dev/sdb][dsmode=net].  Up 70.78 seconds
[[0;32m  OK  [0m] Started Execute cloud user/final scripts.
[[0;32m  OK  [0m] Started Update UTMP about System Runlevel Changes.
[[0;32m  OK  [0m] Reached target Cloud-init target.

Ubuntu 16.04.5 LTS ubuntu-xenial ttyS0

ubuntu-xenial login: 